MPASM 5.87                        TP2_V1.ASM   8-26-2026  21:45:41         PAGE  1


LOC  OBJECT CODE     LINE SOURCE TEXT
  VALUE

                      00001 ;===============================================================================
                      00002 ; @file       Gx_TPL2_ED2.asm
                      00003 ;
                      00004 ; @author     ToconásLiendro_Carlos
                      00005 ;             Goldaraz_Juan
                      00006 ;             Vaca_Fernando
                      00007 ;             OliverosPagotto_Lucas
                      00008 ;             Fontana_Mateo
                      00009 ;
                      00010 ; @date       31/08/2026
                      00011 ;
                      00012 ; @version    1.00
                      00013 ;===============================================================================
                      00014 
                      00015 ;===============================================================================
                      00016 ; DIRECTIVAS DE INCLUSIÓN
                      00017 ;===============================================================================
                      00018     LIST P=16F887                       
                      00019     #include "p16f887.inc"      
                      00001         LIST
                      00002 
                      00003 ;==========================================================================
                      00004 ; Build date : Jan 06 2020
                      00005 ;  MPASM PIC16F887 processor include
                      00006 ; 
                      00007 ;  (c) Copyright 1999-2020 Microchip Technology, All rights reserved
                      00008 ;==========================================================================
                      00009 
                      00810         LIST
                      00020         
                      00021 ;===============================================================================
                      00022 ; CONFIGURACIÓN GENERAL DEL MCU
                      00023 ;===============================================================================        
2007   2FF1           00024     __CONFIG _CONFIG1, _XT_OSC & _WDTE_OFF & _MCLRE_ON & _LVP_OFF
                      00025 
                      00026 ;===============================================================================
                      00027 ; DEFINICIÓN DE CONSTANTES
                      00028 ;===============================================================================     
                      00029 #DEFINE SWITCH PORTE,RE0
                      00030 #DEFINE BUZZER PORTC,RC0
                      00031 #DEFINE LED0 PORTD,RD0
                      00032 #DEFINE LED1 PORTD,RD1
                      00033 #DEFINE LED2 PORTD,RD2
                      00034 #DEFINE LED3 PORTD,RD3
                      00035 #DEFINE LED4 PORTD,RD4
                      00036 #DEFINE LED5 PORTD,RD5
                      00037 #DEFINE LED6 PORTD,RD6
                      00038 #DEFINE LED7 PORTD,RD7
                      00039 
                      00040 ;===============================================================================
                      00041 ; DEFINICIÓN DE VARIABLES
                      00042 ;=============================================================================== 
                      00043     CBLOCK 0x20
MPASM 5.87                        TP2_V1.ASM   8-26-2026  21:45:41         PAGE  2


LOC  OBJECT CODE     LINE SOURCE TEXT
  VALUE

  00000020            00044     DELAY1_Init
  00000021            00045     DELAY2_Init
  00000022            00046     DELAY3_Init
  00000023            00047     DELAY1
  00000024            00048     DELAY2
  00000025            00049     DELAY3
  00000026            00050     COUNTER_LED
  00000027            00051     COUNTER_SECUENCES
                      00052     ENDC
                      00053 ;===============================================================================
                      00054 ; DECLARACIÓN DE MACROS PARA CONFIGURACIÓN DE REGISTROS
                      00055 ;===============================================================================
                      00056 CFG_SWITCH MACRO
                      00057     BSF STATUS, RP0       ; pongo RP0 en 1
                      00058     BSF STATUS, RP1       ; Banco 3  ->  RP1=1 ; RP0=1
                      00059     BCF ANSEL, ANS5          ; Configuramos RE0 como digital
                      00060 
                      00061     BCF STATUS,RP1        ; Banco 1 -> RP1=0 ; RP0=1
                      00062     BSF TRISE,TRISE0 ; Configuramos RE0 como pin de entrada 
                      00063     BCF STATUS,RP0
                      00064     BCF STATUS,RP1
                      00065     ENDM
                      00066 CFG_LEDS MACRO
                      00067     BSF STATUS,RP0
                      00068     BCF STATUS,RP1
                      00069     CLRF PORTD
                      00070     CLRF TRISD
                      00071     BCF STATUS,RP0
                      00072     ENDM
                      00073 CFG_BUZZER MACRO
                      00074     BSF STATUS,RP0
                      00075     BCF STATUS,RP1
                      00076     BCF TRISC,TRISC0
                      00077     BCF STATUS,RP0
                      00078     ENDM
                      00079 CFG_SECUENCES MACRO
                      00080     BCF STATUS,RP0
                      00081     BCF STATUS,RP1
                      00082     CLRF COUNTER_LED
                      00083     MOVLW .3
                      00084     MOVWF COUNTER_SECUENCES
                      00085     ENDM
                      00086 CFG_DELAY_1s MACRO ; Para delay de 1seg
                      00087     MOVLW   D'255'
                      00088     MOVWF DELAY1_Init
                      00089     MOVLW D'245'
                      00090     MOVWF DELAY2_Init
                      00091     MOVLW D'4'
                      00092     MOVWF DELAY3_Init
                      00093     ENDM
                      00094 CFG_DELAY_100ms MACRO
                      00095     MOVLW   D'26'
                      00096     MOVWF DELAY1_Init
MPASM 5.87                        TP2_V1.ASM   8-26-2026  21:45:41         PAGE  3


LOC  OBJECT CODE     LINE SOURCE TEXT
  VALUE

                      00097     MOVLW D'241'
                      00098     MOVWF DELAY2_Init
                      00099     MOVLW D'4'
                      00100     MOVWF DELAY3_Init
                      00101     ENDM
                      00102 CFG_DELAY_200ms MACRO
                      00103     MOVLW D'60'
                      00104     MOVWF DELAY1_Init
                      00105     MOVLW D'209'
                      00106     MOVWF DELAY2_Init
                      00107     MOVLW D'4'
                      00108     MOVWF DELAY3_Init
                      00109     ENDM
                      00110 CFG_DELAY_300ms MACRO
                      00111     MOVLW D'90'
                      00112     MOVWF DELAY1_Init
                      00113     MOVLW D'208'
                      00114     MOVWF DELAY2_Init
                      00115     MOVLW D'4'
                      00116     MOVWF DELAY3_Init
                      00117     ENDM
                      00118 LEDS_ON MACRO ; Macro para encender todos los LEDs de una
                      00119     MOVLW .255
                      00120     MOVWF PORTD
                      00121     ENDM
                      00122 LEDS_OFF MACRO ; Macro para apagar todos los LEDs de una
                      00123     CLRF PORTD
                      00124     ENDM
                      00125 BUZZER_ON MACRO ; Macro para encender el buzzer
                      00126     BCF BUZZER
                      00127     ENDM
                      00128 BUZZER_OFF MACRO ; Macro para apaga el buzzer
                      00129     BSF BUZZER
                      00130     ENDM
                      00131 LEDS_RLF MACRO
                      00132     BTFSC   LED0 ; skip si esta en 0
                      00133     BCF     STATUS, C
                      00134     RLF     COUNTER_LED, F  
                      00135     BCF     STATUS, C
                      00136     MOVF    COUNTER_LED, W   
                      00137     MOVWF   PORTD           
                      00138     ENDM
                      00139 LEDS_RRF MACRO
                      00140     RRF     COUNTER_LED, F
                      00141     MOVF    COUNTER_LED, W   
                      00142     MOVWF   PORTD
                      00143     ENDM
                      00144 ;===============================================================================
                      00145 ; INICIALIZACIÓN DEL MCU (CÓDIGO ABSOLUTO)
                      00146 ;===============================================================================    
                      00147     ORG     0x00        ;Vector de Reset
0000   2???           00148     GOTO    INICIO      ;Salto al inicio del programa principal
                      00149     ORG     0x05        ;Ubicación Programa Principal en la memoria 
MPASM 5.87                        TP2_V1.ASM   8-26-2026  21:45:41         PAGE  4


LOC  OBJECT CODE     LINE SOURCE TEXT
  VALUE

                      00150                         ;de programa
                      00151                 
                      00152 ;===============================================================================
                      00153 ; INICIALIZACIÓN DE MACROS PARA CONFIGURACIÓN DE REGISTROS
                      00154 ;===============================================================================            
0005                  00155 INICIO      ;-----Inicialización de Macros-------
                      00156         CFG_SWITCH
0005   1683               M     BSF STATUS, RP0       ; pongo RP0 en 1
0006   1703               M     BSF STATUS, RP1       ; Banco 3  ->  RP1=1 ; RP0=1
Message[302]: Register in operand not in bank 0.  Ensure that bank bits are correct.
0007   1288               M     BCF ANSEL, ANS5          ; Configuramos RE0 como digital
                          M 
0008   1303               M     BCF STATUS,RP1        ; Banco 1 -> RP1=0 ; RP0=1
Message[302]: Register in operand not in bank 0.  Ensure that bank bits are correct.
0009   1409               M     BSF TRISE,TRISE0 ; Configuramos RE0 como pin de entrada 
000A   1283               M     BCF STATUS,RP0
000B   1303               M     BCF STATUS,RP1
                      00157         CFG_LEDS
000C   1683               M     BSF STATUS,RP0
000D   1303               M     BCF STATUS,RP1
000E   0188               M     CLRF PORTD
Message[302]: Register in operand not in bank 0.  Ensure that bank bits are correct.
000F   0188               M     CLRF TRISD
0010   1283               M     BCF STATUS,RP0
                      00158         CFG_BUZZER
0011   1683               M     BSF STATUS,RP0
0012   1303               M     BCF STATUS,RP1
Message[302]: Register in operand not in bank 0.  Ensure that bank bits are correct.
0013   1007               M     BCF TRISC,TRISC0
0014   1283               M     BCF STATUS,RP0
                      00159         CFG_SECUENCES
0015   1283               M     BCF STATUS,RP0
0016   1303               M     BCF STATUS,RP1
0017   01A6               M     CLRF COUNTER_LED
0018   3003               M     MOVLW .3
0019   00A7               M     MOVWF COUNTER_SECUENCES
                      00160         BUZZER_OFF
001A   1407               M     BSF BUZZER
                      00161                 
                      00162 ;===============================================================================
                      00163 ; INICIO PROGRAMA PRINCIPAL
                      00164 ;===============================================================================                        
                                                    
                      00165     
001B                  00166 MAIN_LOOP 
001B   2???           00167         CALL TEST_LEDS
001C   1809           00168         BTFSC SWITCH ; si no se presiona esta en 1
001D   2???           00169         GOTO MAIN_LOOP
                      00170         CFG_DELAY_100ms
001E   301A               M     MOVLW   D'26'
001F   00A0               M     MOVWF DELAY1_Init
0020   30F1               M     MOVLW D'241'
0021   00A1               M     MOVWF DELAY2_Init
MPASM 5.87                        TP2_V1.ASM   8-26-2026  21:45:41         PAGE  5


LOC  OBJECT CODE     LINE SOURCE TEXT
  VALUE

0022   3004               M     MOVLW D'4'
0023   00A2               M     MOVWF DELAY3_Init
0024   2???           00171         CALL DELAY_3LOOP
0025   1809           00172         BTFSC SWITCH
0026   2???           00173         GOTO  MAIN_LOOP 
0027   2???           00174         CALL SECUENCES
0028   2???           00175         GOTO MAIN_LOOP
                      00176 ;===============================================================================
                      00177 ; SUBRUTINAS
                      00178 ;===============================================================================         
                      00179 ;*******************************************************************************
                      00180 ; @brief    Descripción general de la subrutina.
                      00181 ;           
                      00182 ; @details  Descripción específica de la subrutina.
                      00183 ;******************************************************************************* 
0029                  00184 TEST_LEDS  
                      00185     CFG_DELAY_1s
0029   30FF               M     MOVLW   D'255'
002A   00A0               M     MOVWF DELAY1_Init
002B   30F5               M     MOVLW D'245'
002C   00A1               M     MOVWF DELAY2_Init
002D   3004               M     MOVLW D'4'
002E   00A2               M     MOVWF DELAY3_Init
                      00186     LEDS_ON
002F   30FF               M     MOVLW .255
0030   0088               M     MOVWF PORTD
0031   2???           00187     CALL DELAY_3LOOP
                      00188     LEDS_OFF
0032   0188               M     CLRF PORTD
0033   2???           00189     CALL DELAY_3LOOP
0034   0008           00190     RETURN
                      00191 ;*******************************************************************************
                      00192 ; @details  Descripción específica de la subrutina.
                      00193 ;*******************************************************************************    
0035                  00194 SECUENCES
0035   2???           00195     CALL BUZZER_BIP
0036   2???           00196     CALL RUNNING_LIGHT
0037   2???           00197     CALL BIDIR_RUNNING_LIGHT
0038   2???           00198     CALL CRAWLING
0039   0008           00199     RETURN
                      00200 ;*******************************************************************************
                      00201 ; @details  Descripción específica de la subrutina.
                      00202 ;*******************************************************************************
003A                  00203 BUZZER_BIP
                      00204     CFG_DELAY_200ms
003A   303C               M     MOVLW D'60'
003B   00A0               M     MOVWF DELAY1_Init
003C   30D1               M     MOVLW D'209'
003D   00A1               M     MOVWF DELAY2_Init
003E   3004               M     MOVLW D'4'
003F   00A2               M     MOVWF DELAY3_Init
                      00205     BUZZER_ON
0040   1007               M     BCF BUZZER
MPASM 5.87                        TP2_V1.ASM   8-26-2026  21:45:41         PAGE  6


LOC  OBJECT CODE     LINE SOURCE TEXT
  VALUE

0041   2???           00206     CALL DELAY_3LOOP
                      00207     BUZZER_OFF
0042   1407               M     BSF BUZZER
0043   0008           00208     RETURN
                      00209 ;*******************************************************************************
                      00210 ; @details  Descripción específica de la subrutina.
                      00211 ;*******************************************************************************
0044                  00212 RUNNING_LIGHT
                      00213     CFG_DELAY_300ms
0044   305A               M     MOVLW D'90'
0045   00A0               M     MOVWF DELAY1_Init
0046   30D0               M     MOVLW D'208'
0047   00A1               M     MOVWF DELAY2_Init
0048   3004               M     MOVLW D'4'
0049   00A2               M     MOVWF DELAY3_Init
                      00214     LEDS_OFF
004A   0188               M     CLRF PORTD
004B                  00215 LOOP_RL
004B   2???           00216     CALL FORWARD_LED
004C   03A7           00217     DECF COUNTER_SECUENCES, F
004D   1D03           00218     BTFSS  STATUS,Z ; Bit Test File, Skip if Set
004E   2???           00219     GOTO LOOP_RL
                      00220     CFG_SECUENCES
004F   1283               M     BCF STATUS,RP0
0050   1303               M     BCF STATUS,RP1
0051   01A6               M     CLRF COUNTER_LED
0052   3003               M     MOVLW .3
0053   00A7               M     MOVWF COUNTER_SECUENCES
0054   0008           00221     RETURN
                      00222 ;*******************************************************************************
                      00223 ; @details  Descripción específica de la subrutina.
                      00224 ;*******************************************************************************
0055                  00225 BIDIR_RUNNING_LIGHT
                      00226     CFG_DELAY_200ms
0055   303C               M     MOVLW D'60'
0056   00A0               M     MOVWF DELAY1_Init
0057   30D1               M     MOVLW D'209'
0058   00A1               M     MOVWF DELAY2_Init
0059   3004               M     MOVLW D'4'
005A   00A2               M     MOVWF DELAY3_Init
                      00227     LEDS_OFF
005B   0188               M     CLRF PORTD
005C                  00228 LOOP_BRL
005C   2???           00229     CALL FORWARD_LED
005D   2???           00230     CALL BACKWARD_LED
005E   03A7           00231     DECF COUNTER_SECUENCES, F
005F   1D03           00232     BTFSS  STATUS,Z ; Bit Test File, Skip if Set
0060   2???           00233     GOTO LOOP_BRL
                      00234     CFG_SECUENCES
0061   1283               M     BCF STATUS,RP0
0062   1303               M     BCF STATUS,RP1
0063   01A6               M     CLRF COUNTER_LED
0064   3003               M     MOVLW .3
MPASM 5.87                        TP2_V1.ASM   8-26-2026  21:45:41         PAGE  7


LOC  OBJECT CODE     LINE SOURCE TEXT
  VALUE

0065   00A7               M     MOVWF COUNTER_SECUENCES
0066   0008           00235     RETURN
                      00236 ;*******************************************************************************
                      00237 ; @details  Descripción específica de la subrutina.
                      00238 ;*******************************************************************************
0067                  00239 CRAWLING
                      00240     CFG_DELAY_200ms
0067   303C               M     MOVLW D'60'
0068   00A0               M     MOVWF DELAY1_Init
0069   30D1               M     MOVLW D'209'
006A   00A1               M     MOVWF DELAY2_Init
006B   3004               M     MOVLW D'4'
006C   00A2               M     MOVWF DELAY3_Init
                      00241     LEDS_OFF
006D   0188               M     CLRF PORTD
006E                  00242 LOOP_CW
006E   2???           00243     CALL PROGRESSIVE_LED_ON
006F   2???           00244     CALL PROGRESSIVE_LED_OFF
0070   03A7           00245     DECF COUNTER_SECUENCES, F
0071   1D03           00246     BTFSS  STATUS,Z ; Bit Test File, Skip if Set
0072   2???           00247     GOTO LOOP_CW
                      00248     CFG_SECUENCES
0073   1283               M     BCF STATUS,RP0
0074   1303               M     BCF STATUS,RP1
0075   01A6               M     CLRF COUNTER_LED
0076   3003               M     MOVLW .3
0077   00A7               M     MOVWF COUNTER_SECUENCES
0078   0008           00249     RETURN
                      00250 ;*******************************************************************************
                      00251 ; @details  Descripción específica de la subrutina.
                      00252 ;*******************************************************************************
0079                  00253 FORWARD_LED
0079   1403           00254     BSF STATUS,C
007A                  00255 FW_LOOP
                      00256     LEDS_RLF
007A   1808               M     BTFSC   LED0 ; skip si esta en 0
007B   1003               M     BCF     STATUS, C
007C   0DA6               M     RLF     COUNTER_LED, F  
007D   1003               M     BCF     STATUS, C
007E   0826               M     MOVF    COUNTER_LED, W   
007F   0088               M     MOVWF   PORTD           
0080   2???           00257     CALL DELAY_3LOOP
0081   1F88           00258     BTFSS LED7 ; Bit Test File, Skip if Set
0082   2???           00259     GOTO FW_LOOP
0083   0008           00260     RETURN
                      00261 
0084                  00262 BACKWARD_LED
0084   1003           00263     BCF STATUS,C
0085                  00264 BW_LOOP
                      00265     LEDS_RRF
0085   0CA6               M     RRF     COUNTER_LED, F
0086   0826               M     MOVF    COUNTER_LED, W   
0087   0088               M     MOVWF   PORTD
MPASM 5.87                        TP2_V1.ASM   8-26-2026  21:45:41         PAGE  8


LOC  OBJECT CODE     LINE SOURCE TEXT
  VALUE

0088   2???           00266     CALL DELAY_3LOOP
0089   1C08           00267     BTFSS LED0 ; Bit Test File, Skip if Set
008A   2???           00268     GOTO BW_LOOP
008B   0008           00269     RETURN
                      00270     
008C                  00271 PROGRESSIVE_LED_ON
008C   01A6           00272     CLRF COUNTER_LED
008D                  00273 PROG_LN
008D   1403           00274     BSF STATUS,C
008E   0DA6           00275     RLF COUNTER_LED, F
008F   0826           00276     MOVFW COUNTER_LED
0090   0088           00277     MOVWF PORTD
0091   2???           00278     CALL    DELAY_3LOOP
0092   1F88           00279     BTFSS LED7 ; Bit Test File, Skip if Set
0093   2???           00280     GOTO PROG_LN
0094   0008           00281     RETURN
                      00282     
0095                  00283 PROGRESSIVE_LED_OFF
0095                  00284 PROG_LO
0095   1003           00285     BCF STATUS,C
Message[305]: Using default destination of 1 (file).
0096   0CA6           00286     RRF COUNTER_LED
0097   0826           00287     MOVFW COUNTER_LED
0098   0088           00288     MOVWF PORTD
0099   2???           00289     CALL    DELAY_3LOOP
009A   1808           00290     BTFSC LED0 ; Bit Test File, Skip if Zero
009B   2???           00291     GOTO PROG_LO
009C   0008           00292     RETURN
                      00293 ;*******************************************************************************
                      00294 ; @details  Descripción específica de la subrutina.
                      00295 ;*******************************************************************************
009D                  00296 DELAY_3LOOP
009D   0820           00297             MOVFW DELAY1_Init
009E   00A3           00298             MOVWF DELAY1
009F   0821           00299 LOOP1   MOVFW DELAY2_Init
00A0   00A4           00300         MOVWF DELAY2
00A1   0822           00301 LOOP2   MOVFW DELAY3_Init
00A2   00A5           00302         MOVWF DELAY3
00A3   0BA5           00303 LOOP3   DECFSZ DELAY3,F
00A4   2???           00304         GOTO LOOP3
00A5   0BA4           00305         DECFSZ DELAY2,F
00A6   2???           00306         GOTO LOOP2
00A7   0BA3           00307         DECFSZ DELAY1,F
00A8   2???           00308         GOTO LOOP1
00A9   0008           00309         RETURN
                      00310 ;===============================================================================                
2FF1                  00311     END
MPASM 5.87                        TP2_V1.ASM   8-26-2026  21:45:41         PAGE  9


SYMBOL TABLE
  LABEL                             VALUE 

ABDEN                             00000000
ABDOVF                            00000007
ACKDT                             00000005
ACKEN                             00000004
ACKSTAT                           00000006
ADCON0                            0000001F
ADCON1                            0000009F
ADCS0                             00000006
ADCS1                             00000007
ADDEN                             00000003
ADFM                              00000007
ADIE                              00000006
ADIF                              00000006
ADON                              00000000
ADRESH                            0000001E
ADRESL                            0000009E
ANS0                              00000000
ANS1                              00000001
ANS10                             00000002
ANS11                             00000003
ANS12                             00000004
ANS13                             00000005
ANS2                              00000002
ANS3                              00000003
ANS4                              00000004
ANS5                              00000005
ANS6                              00000006
ANS7                              00000007
ANS8                              00000000
ANS9                              00000001
ANSEL                             00000188
ANSELH                            00000189
BACKWARD_LED                      00000084
BAUDCTL                           00000187
BCLIE                             00000003
BCLIF                             00000003
BF                                00000000
BIDIR_RUNNING_LIGHT               00000055
BRG0                              00000000
BRG1                              00000001
BRG10                             00000002
BRG11                             00000003
BRG12                             00000004
BRG13                             00000005
BRG14                             00000006
BRG15                             00000007
BRG16                             00000003
BRG2                              00000002
BRG3                              00000003
BRG4                              00000004
BRG5                              00000005
BRG6                              00000006
BRG7                              00000007
MPASM 5.87                        TP2_V1.ASM   8-26-2026  21:45:41         PAGE 10


SYMBOL TABLE
  LABEL                             VALUE 

BRG8                              00000000
BRG9                              00000001
BRGH                              00000002
BUZZER                            PORTC,RC0
BUZZER_BIP                        0000003A
BUZZER_OFF                        
BUZZER_ON                         
BW_LOOP                           00000085
C                                 00000000
C1CH0                             00000000
C1CH1                             00000001
C1IE                              00000005
C1IF                              00000005
C1OE                              00000005
C1ON                              00000007
C1OUT                             00000006
C1POL                             00000004
C1R                               00000002
C1RSEL                            00000005
C1SEN                             00000005
C2CH0                             00000000
C2CH1                             00000001
C2IE                              00000006
C2IF                              00000006
C2OE                              00000005
C2ON                              00000007
C2OUT                             00000006
C2POL                             00000004
C2R                               00000002
C2REN                             00000004
C2RSEL                            00000004
C2SYNC                            00000000
CCP1CON                           00000017
CCP1IE                            00000002
CCP1IF                            00000002
CCP1M0                            00000000
CCP1M1                            00000001
CCP1M2                            00000002
CCP1M3                            00000003
CCP1X                             00000005
CCP1Y                             00000004
CCP2CON                           0000001D
CCP2IE                            00000000
CCP2IF                            00000000
CCP2M0                            00000000
CCP2M1                            00000001
CCP2M2                            00000002
CCP2M3                            00000003
CCP2X                             00000005
CCP2Y                             00000004
CCPR1                             00000015
CCPR1H                            00000016
CCPR1L                            00000015
MPASM 5.87                        TP2_V1.ASM   8-26-2026  21:45:41         PAGE 11


SYMBOL TABLE
  LABEL                             VALUE 

CCPR2                             0000001B
CCPR2H                            0000001C
CCPR2L                            0000001B
CFG_BUZZER                        
CFG_DELAY_100ms                   
CFG_DELAY_1s                      
CFG_DELAY_200ms                   
CFG_DELAY_300ms                   
CFG_LEDS                          
CFG_SECUENCES                     
CFG_SWITCH                        
CHS0                              00000002
CHS1                              00000003
CHS2                              00000004
CHS3                              00000005
CKE                               00000006
CKP                               00000004
CM1CON0                           00000107
CM2CON0                           00000108
CM2CON1                           00000109
COUNTER_LED                       00000026
COUNTER_SECUENCES                 00000027
CRAWLING                          00000067
CREN                              00000004
CSRC                              00000007
D                                 00000005
DATA_ADDRESS                      00000005
DC                                00000001
DC1B0                             00000004
DC1B1                             00000005
DC2B0                             00000004
DC2B1                             00000005
DELAY1                            00000023
DELAY1_Init                       00000020
DELAY2                            00000024
DELAY2_Init                       00000021
DELAY3                            00000025
DELAY3_Init                       00000022
DELAY_3LOOP                       0000009D
D_A                               00000005
D_NOT_A                           00000005
ECCPAS                            0000009C
ECCPAS0                           00000004
ECCPAS1                           00000005
ECCPAS2                           00000006
ECCPASE                           00000007
EEADR                             0000010D
EEADRH                            0000010F
EECON1                            0000018C
EECON2                            0000018D
EEDAT                             0000010C
EEDATA                            0000010C
EEDATH                            0000010E
MPASM 5.87                        TP2_V1.ASM   8-26-2026  21:45:41         PAGE 12


SYMBOL TABLE
  LABEL                             VALUE 

EEIE                              00000004
EEIF                              00000004
EEPGD                             00000007
F                                 00000001
FERR                              00000002
FORWARD_LED                       00000079
FSR                               00000004
FVREN                             00000000
FW_LOOP                           0000007A
GCEN                              00000007
GIE                               00000007
GO                                00000001
GO_DONE                           00000001
GO_NOT_DONE                       00000001
HTS                               00000002
I2C_DATA                          00000005
I2C_READ                          00000002
I2C_START                         00000003
I2C_STOP                          00000004
INDF                              00000000
INICIO                            00000005
INTCON                            0000000B
INTE                              00000004
INTEDG                            00000006
INTF                              00000001
IOCB                              00000096
IOCB0                             00000000
IOCB1                             00000001
IOCB2                             00000002
IOCB3                             00000003
IOCB4                             00000004
IOCB5                             00000005
IOCB6                             00000006
IOCB7                             00000007
IRCF0                             00000004
IRCF1                             00000005
IRCF2                             00000006
IRP                               00000007
LED0                              PORTD,RD0
LED1                              PORTD,RD1
LED2                              PORTD,RD2
LED3                              PORTD,RD3
LED4                              PORTD,RD4
LED5                              PORTD,RD5
LED6                              PORTD,RD6
LED7                              PORTD,RD7
LEDS_OFF                          
LEDS_ON                           
LEDS_RLF                          
LEDS_RRF                          
LOOP1                             0000009F
LOOP2                             000000A1
LOOP3                             000000A3
MPASM 5.87                        TP2_V1.ASM   8-26-2026  21:45:41         PAGE 13


SYMBOL TABLE
  LABEL                             VALUE 

LOOP_BRL                          0000005C
LOOP_CW                           0000006E
LOOP_RL                           0000004B
LTS                               00000001
MAIN_LOOP                         0000001B
MC1OUT                            00000007
MC2OUT                            00000006
MSK                               00000093
MSK0                              00000000
MSK1                              00000001
MSK2                              00000002
MSK3                              00000003
MSK4                              00000004
MSK5                              00000005
MSK6                              00000006
MSK7                              00000007
NOT_A                             00000005
NOT_ADDRESS                       00000005
NOT_BO                            00000000
NOT_BOR                           00000000
NOT_DONE                          00000001
NOT_PD                            00000003
NOT_POR                           00000001
NOT_RBPU                          00000007
NOT_RC8                           00000006
NOT_T1SYNC                        00000002
NOT_TO                            00000004
NOT_TX8                           00000006
NOT_W                             00000002
NOT_WRITE                         00000002
OERR                              00000001
OPTION_REG                        00000081
OSCCON                            0000008F
OSCTUNE                           00000090
OSFIE                             00000007
OSFIF                             00000007
OSTS                              00000003
P                                 00000004
P1M0                              00000006
P1M1                              00000007
PCL                               00000002
PCLATH                            0000000A
PCON                              0000008E
PDC0                              00000000
PDC1                              00000001
PDC2                              00000002
PDC3                              00000003
PDC4                              00000004
PDC5                              00000005
PDC6                              00000006
PEIE                              00000006
PEN                               00000002
PIE1                              0000008C
MPASM 5.87                        TP2_V1.ASM   8-26-2026  21:45:41         PAGE 14


SYMBOL TABLE
  LABEL                             VALUE 

PIE2                              0000008D
PIR1                              0000000C
PIR2                              0000000D
PORTA                             00000005
PORTB                             00000006
PORTC                             00000007
PORTD                             00000008
PORTE                             00000009
PR2                               00000092
PROGRESSIVE_LED_OFF               00000095
PROGRESSIVE_LED_ON                0000008C
PROG_LN                           0000008D
PROG_LO                           00000095
PRSEN                             00000007
PS0                               00000000
PS1                               00000001
PS2                               00000002
PSA                               00000003
PSSAC0                            00000002
PSSAC1                            00000003
PSSBD0                            00000000
PSSBD1                            00000001
PSTRCON                           0000009D
PULSR                             00000002
PULSS                             00000003
PWM1CON                           0000009B
R                                 00000002
RA0                               00000000
RA1                               00000001
RA2                               00000002
RA3                               00000003
RA4                               00000004
RA5                               00000005
RA6                               00000006
RA7                               00000007
RB0                               00000000
RB1                               00000001
RB2                               00000002
RB3                               00000003
RB4                               00000004
RB5                               00000005
RB6                               00000006
RB7                               00000007
RBIE                              00000003
RBIF                              00000000
RC0                               00000000
RC1                               00000001
RC2                               00000002
RC3                               00000003
RC4                               00000004
RC5                               00000005
RC6                               00000006
RC7                               00000007
MPASM 5.87                        TP2_V1.ASM   8-26-2026  21:45:41         PAGE 15


SYMBOL TABLE
  LABEL                             VALUE 

RC8_9                             00000006
RC9                               00000006
RCD8                              00000000
RCEN                              00000003
RCIDL                             00000006
RCIE                              00000005
RCIF                              00000005
RCREG                             0000001A
RCSTA                             00000018
RD                                00000000
RD0                               00000000
RD1                               00000001
RD2                               00000002
RD3                               00000003
RD4                               00000004
RD5                               00000005
RD6                               00000006
RD7                               00000007
RE0                               00000000
RE1                               00000001
RE2                               00000002
RE3                               00000003
READ_WRITE                        00000002
RP0                               00000005
RP1                               00000006
RSEN                              00000001
RUNNING_LIGHT                     00000044
RX9                               00000006
RX9D                              00000000
R_NOT_W                           00000002
R_W                               00000002
S                                 00000003
SBOREN                            00000004
SCKP                              00000004
SCS                               00000000
SECUENCES                         00000035
SEN                               00000000
SENDB                             00000003
SMP                               00000007
SPBRG                             00000099
SPBRGH                            0000009A
SPEN                              00000007
SR0                               00000006
SR1                               00000007
SRCON                             00000185
SREN                              00000005
SSPADD                            00000093
SSPBUF                            00000013
SSPCON                            00000014
SSPCON2                           00000091
SSPEN                             00000005
SSPIE                             00000003
SSPIF                             00000003
MPASM 5.87                        TP2_V1.ASM   8-26-2026  21:45:41         PAGE 16


SYMBOL TABLE
  LABEL                             VALUE 

SSPM0                             00000000
SSPM1                             00000001
SSPM2                             00000002
SSPM3                             00000003
SSPMSK                            00000093
SSPOV                             00000006
SSPSTAT                           00000094
STATUS                            00000003
STRA                              00000000
STRB                              00000001
STRC                              00000002
STRD                              00000003
STRSYNC                           00000004
SWDTEN                            00000000
SWITCH                            PORTE,RE0
SYNC                              00000004
T0CS                              00000005
T0IE                              00000005
T0IF                              00000002
T0SE                              00000004
T1CKPS0                           00000004
T1CKPS1                           00000005
T1CON                             00000010
T1GINV                            00000007
T1GIV                             00000007
T1GSS                             00000001
T1INSYNC                          00000002
T1OSCEN                           00000003
T1SYNC                            00000002
T2CKPS0                           00000000
T2CKPS1                           00000001
T2CON                             00000012
TEST_LEDS                         00000029
TMR0                              00000001
TMR0IE                            00000005
TMR0IF                            00000002
TMR1                              0000000E
TMR1CS                            00000001
TMR1GE                            00000006
TMR1H                             0000000F
TMR1IE                            00000000
TMR1IF                            00000000
TMR1L                             0000000E
TMR1ON                            00000000
TMR2                              00000011
TMR2IE                            00000001
TMR2IF                            00000001
TMR2ON                            00000002
TOUTPS0                           00000003
TOUTPS1                           00000004
TOUTPS2                           00000005
TOUTPS3                           00000006
TRISA                             00000085
MPASM 5.87                        TP2_V1.ASM   8-26-2026  21:45:41         PAGE 17


SYMBOL TABLE
  LABEL                             VALUE 

TRISA0                            00000000
TRISA1                            00000001
TRISA2                            00000002
TRISA3                            00000003
TRISA4                            00000004
TRISA5                            00000005
TRISA6                            00000006
TRISA7                            00000007
TRISB                             00000086
TRISB0                            00000000
TRISB1                            00000001
TRISB2                            00000002
TRISB3                            00000003
TRISB4                            00000004
TRISB5                            00000005
TRISB6                            00000006
TRISB7                            00000007
TRISC                             00000087
TRISC0                            00000000
TRISC1                            00000001
TRISC2                            00000002
TRISC3                            00000003
TRISC4                            00000004
TRISC5                            00000005
TRISC6                            00000006
TRISC7                            00000007
TRISD                             00000088
TRISD0                            00000000
TRISD1                            00000001
TRISD2                            00000002
TRISD3                            00000003
TRISD4                            00000004
TRISD5                            00000005
TRISD6                            00000006
TRISD7                            00000007
TRISE                             00000089
TRISE0                            00000000
TRISE1                            00000001
TRISE2                            00000002
TRISE3                            00000003
TRMT                              00000001
TUN0                              00000000
TUN1                              00000001
TUN2                              00000002
TUN3                              00000003
TUN4                              00000004
TX8_9                             00000006
TX9                               00000006
TX9D                              00000000
TXD8                              00000000
TXEN                              00000005
TXIE                              00000004
TXIF                              00000004
MPASM 5.87                        TP2_V1.ASM   8-26-2026  21:45:41         PAGE 18


SYMBOL TABLE
  LABEL                             VALUE 

TXREG                             00000019
TXSTA                             00000098
UA                                00000001
ULPWUE                            00000005
ULPWUIE                           00000002
ULPWUIF                           00000002
VCFG0                             00000004
VCFG1                             00000005
VR0                               00000000
VR1                               00000001
VR2                               00000002
VR3                               00000003
VRCON                             00000097
VREN                              00000007
VROE                              00000006
VRR                               00000005
VRSS                              00000004
W                                 00000000
WCOL                              00000007
WDTCON                            00000105
WDTPS0                            00000001
WDTPS1                            00000002
WDTPS2                            00000003
WDTPS3                            00000004
WPUB                              00000095
WPUB0                             00000000
WPUB1                             00000001
WPUB2                             00000002
WPUB3                             00000003
WPUB4                             00000004
WPUB5                             00000005
WPUB6                             00000006
WPUB7                             00000007
WR                                00000001
WREN                              00000002
WRERR                             00000003
WUE                               00000001
Z                                 00000002
_BOR21V                           00003EFF
_BOR40V                           00003FFF
_BOR4V_BOR21V                     00003EFF
_BOR4V_BOR40V                     00003FFF
_BOREN_NSLEEP                     00003EFF
_BOREN_OFF                        00003CFF
_BOREN_ON                         00003FFF
_BOREN_SBODEN                     00003DFF
_BOR_NSLEEP                       00003EFF
_BOR_OFF                          00003CFF
_BOR_ON                           00003FFF
_BOR_SBODEN                       00003DFF
_CONFIG1                          00002007
_CONFIG2                          00002008
_CPD_OFF                          00003FFF
MPASM 5.87                        TP2_V1.ASM   8-26-2026  21:45:41         PAGE 19


SYMBOL TABLE
  LABEL                             VALUE 

_CPD_ON                           00003F7F
_CP_OFF                           00003FFF
_CP_ON                            00003FBF
_DEBUG_OFF                        00003FFF
_DEBUG_ON                         00001FFF
_DEVID1                           00002006
_EC_OSC                           00003FFB
_EXTRC                            00003FFF
_EXTRCIO                          00003FFE
_EXTRC_OSC_CLKOUT                 00003FFF
_EXTRC_OSC_NOCLKOUT               00003FFE
_FCMEN_OFF                        000037FF
_FCMEN_ON                         00003FFF
_FOSC_EC                          00003FFB
_FOSC_EXTRC_CLKOUT                00003FFF
_FOSC_EXTRC_NOCLKOUT              00003FFE
_FOSC_HS                          00003FFA
_FOSC_INTRC_CLKOUT                00003FFD
_FOSC_INTRC_NOCLKOUT              00003FFC
_FOSC_LP                          00003FF8
_FOSC_XT                          00003FF9
_HS_OSC                           00003FFA
_IDLOC0                           00002000
_IDLOC1                           00002001
_IDLOC2                           00002002
_IDLOC3                           00002003
_IESO_OFF                         00003BFF
_IESO_ON                          00003FFF
_INTOSC                           00003FFD
_INTOSCIO                         00003FFC
_INTRC_OSC_CLKOUT                 00003FFD
_INTRC_OSC_NOCLKOUT               00003FFC
_LP_OSC                           00003FF8
_LVP_OFF                          00002FFF
_LVP_ON                           00003FFF
_MCLRE_OFF                        00003FDF
_MCLRE_ON                         00003FFF
_PWRTE_OFF                        00003FFF
_PWRTE_ON                         00003FEF
_WDTE_OFF                         00003FF7
_WDTE_ON                          00003FFF
_WDT_OFF                          00003FF7
_WDT_ON                           00003FFF
_WRT_1FOURTH                      00003BFF
_WRT_256                          00003DFF
_WRT_HALF                         000039FF
_WRT_OFF                          00003FFF
_XT_OSC                           00003FF9
__16F887                          00000001

MPASM 5.87                        TP2_V1.ASM   8-26-2026  21:45:41         PAGE 20





Errors   :     0
Warnings :     0 reported,     0 suppressed
Messages :     5 reported,     0 suppressed

