MPLINK 5.09, LINKER
Linker Map File - Created Tue Aug 25 23:06:42 2026

                                 Section Info
                  Section       Type    Address   Location Size(Bytes)
                ---------  ---------  ---------  ---------  ---------
                   .org_0       code   0x000000    program   0x000002
                   .cinit    romdata   0x000001    program   0x000004
                   .org_1       code   0x000005    program   0x000074
.config_2007_BUILD/DEFAULT/PRODUCTION/TP2_V1.       code   0x002007    program   0x000002



                              Program Memory Usage 
                               Start         End      
                           ---------   ---------      
                            0x000000    0x000002      
                            0x000005    0x00003e      
                            0x002007    0x002007      
            62 out of 8455 program addresses used, program memory utilization is 0%



                              Symbols - Sorted by Name
                     Name    Address   Location    Storage File                     
                ---------  ---------  ---------  --------- ---------                
              DELAY_3LOOP   0x000032    program     static C:\Users\Lucas\Desktop\TPSEDII\lab2.X\TP2_V1.asm
                   INICIO   0x000005    program     static C:\Users\Lucas\Desktop\TPSEDII\lab2.X\TP2_V1.asm
                    LOOP1   0x000034    program     static C:\Users\Lucas\Desktop\TPSEDII\lab2.X\TP2_V1.asm
                    LOOP2   0x000036    program     static C:\Users\Lucas\Desktop\TPSEDII\lab2.X\TP2_V1.asm
                    LOOP3   0x000038    program     static C:\Users\Lucas\Desktop\TPSEDII\lab2.X\TP2_V1.asm
                MAIN_LOOP   0x000017    program     static C:\Users\Lucas\Desktop\TPSEDII\lab2.X\TP2_V1.asm
                SECUENCES   0x000031    program     static C:\Users\Lucas\Desktop\TPSEDII\lab2.X\TP2_V1.asm
                TEST_LEDS   0x000025    program     static C:\Users\Lucas\Desktop\TPSEDII\lab2.X\TP2_V1.asm



                              Symbols - Sorted by Address
                     Name    Address   Location    Storage File                     
                ---------  ---------  ---------  --------- ---------                
                   INICIO   0x000005    program     static C:\Users\Lucas\Desktop\TPSEDII\lab2.X\TP2_V1.asm
                MAIN_LOOP   0x000017    program     static C:\Users\Lucas\Desktop\TPSEDII\lab2.X\TP2_V1.asm
                TEST_LEDS   0x000025    program     static C:\Users\Lucas\Desktop\TPSEDII\lab2.X\TP2_V1.asm
                SECUENCES   0x000031    program     static C:\Users\Lucas\Desktop\TPSEDII\lab2.X\TP2_V1.asm
              DELAY_3LOOP   0x000032    program     static C:\Users\Lucas\Desktop\TPSEDII\lab2.X\TP2_V1.asm
                    LOOP1   0x000034    program     static C:\Users\Lucas\Desktop\TPSEDII\lab2.X\TP2_V1.asm
                    LOOP2   0x000036    program     static C:\Users\Lucas\Desktop\TPSEDII\lab2.X\TP2_V1.asm
                    LOOP3   0x000038    program     static C:\Users\Lucas\Desktop\TPSEDII\lab2.X\TP2_V1.asm


