MPLINK 5.09, LINKER
Linker Map File - Created Wed Aug 26 21:45:42 2026

                                 Section Info
                  Section       Type    Address   Location Size(Bytes)
                ---------  ---------  ---------  ---------  ---------
                   .org_0       code   0x000000    program   0x000002
                   .cinit    romdata   0x000001    program   0x000004
                   .org_1       code   0x000005    program   0x00014a
.config_2007_BUILD/DEFAULT/PRODUCTION/TP2_V1.       code   0x002007    program   0x000002



                              Program Memory Usage 
                               Start         End      
                           ---------   ---------      
                            0x000000    0x000002      
                            0x000005    0x0000a9      
                            0x002007    0x002007      
            169 out of 8455 program addresses used, program memory utilization is 1%



                              Symbols - Sorted by Name
                     Name    Address   Location    Storage File                     
                ---------  ---------  ---------  --------- ---------                
             BACKWARD_LED   0x000084    program     static C:\Users\Lucas\Desktop\TPSEDII\lab2.X\TP2_V1.asm
      BIDIR_RUNNING_LIGHT   0x000055    program     static C:\Users\Lucas\Desktop\TPSEDII\lab2.X\TP2_V1.asm
               BUZZER_BIP   0x00003a    program     static C:\Users\Lucas\Desktop\TPSEDII\lab2.X\TP2_V1.asm
                  BW_LOOP   0x000085    program     static C:\Users\Lucas\Desktop\TPSEDII\lab2.X\TP2_V1.asm
                 CRAWLING   0x000067    program     static C:\Users\Lucas\Desktop\TPSEDII\lab2.X\TP2_V1.asm
              DELAY_3LOOP   0x00009d    program     static C:\Users\Lucas\Desktop\TPSEDII\lab2.X\TP2_V1.asm
              FORWARD_LED   0x000079    program     static C:\Users\Lucas\Desktop\TPSEDII\lab2.X\TP2_V1.asm
                  FW_LOOP   0x00007a    program     static C:\Users\Lucas\Desktop\TPSEDII\lab2.X\TP2_V1.asm
                   INICIO   0x000005    program     static C:\Users\Lucas\Desktop\TPSEDII\lab2.X\TP2_V1.asm
                    LOOP1   0x00009f    program     static C:\Users\Lucas\Desktop\TPSEDII\lab2.X\TP2_V1.asm
                    LOOP2   0x0000a1    program     static C:\Users\Lucas\Desktop\TPSEDII\lab2.X\TP2_V1.asm
                    LOOP3   0x0000a3    program     static C:\Users\Lucas\Desktop\TPSEDII\lab2.X\TP2_V1.asm
                 LOOP_BRL   0x00005c    program     static C:\Users\Lucas\Desktop\TPSEDII\lab2.X\TP2_V1.asm
                  LOOP_CW   0x00006e    program     static C:\Users\Lucas\Desktop\TPSEDII\lab2.X\TP2_V1.asm
                  LOOP_RL   0x00004b    program     static C:\Users\Lucas\Desktop\TPSEDII\lab2.X\TP2_V1.asm
                MAIN_LOOP   0x00001b    program     static C:\Users\Lucas\Desktop\TPSEDII\lab2.X\TP2_V1.asm
      PROGRESSIVE_LED_OFF   0x000095    program     static C:\Users\Lucas\Desktop\TPSEDII\lab2.X\TP2_V1.asm
       PROGRESSIVE_LED_ON   0x00008c    program     static C:\Users\Lucas\Desktop\TPSEDII\lab2.X\TP2_V1.asm
                  PROG_LN   0x00008d    program     static C:\Users\Lucas\Desktop\TPSEDII\lab2.X\TP2_V1.asm
                  PROG_LO   0x000095    program     static C:\Users\Lucas\Desktop\TPSEDII\lab2.X\TP2_V1.asm
            RUNNING_LIGHT   0x000044    program     static C:\Users\Lucas\Desktop\TPSEDII\lab2.X\TP2_V1.asm
                SECUENCES   0x000035    program     static C:\Users\Lucas\Desktop\TPSEDII\lab2.X\TP2_V1.asm
                TEST_LEDS   0x000029    program     static C:\Users\Lucas\Desktop\TPSEDII\lab2.X\TP2_V1.asm



                              Symbols - Sorted by Address
                     Name    Address   Location    Storage File                     
                ---------  ---------  ---------  --------- ---------                
                   INICIO   0x000005    program     static C:\Users\Lucas\Desktop\TPSEDII\lab2.X\TP2_V1.asm
                MAIN_LOOP   0x00001b    program     static C:\Users\Lucas\Desktop\TPSEDII\lab2.X\TP2_V1.asm
                TEST_LEDS   0x000029    program     static C:\Users\Lucas\Desktop\TPSEDII\lab2.X\TP2_V1.asm
                SECUENCES   0x000035    program     static C:\Users\Lucas\Desktop\TPSEDII\lab2.X\TP2_V1.asm
               BUZZER_BIP   0x00003a    program     static C:\Users\Lucas\Desktop\TPSEDII\lab2.X\TP2_V1.asm
            RUNNING_LIGHT   0x000044    program     static C:\Users\Lucas\Desktop\TPSEDII\lab2.X\TP2_V1.asm
                  LOOP_RL   0x00004b    program     static C:\Users\Lucas\Desktop\TPSEDII\lab2.X\TP2_V1.asm
      BIDIR_RUNNING_LIGHT   0x000055    program     static C:\Users\Lucas\Desktop\TPSEDII\lab2.X\TP2_V1.asm
                 LOOP_BRL   0x00005c    program     static C:\Users\Lucas\Desktop\TPSEDII\lab2.X\TP2_V1.asm
                 CRAWLING   0x000067    program     static C:\Users\Lucas\Desktop\TPSEDII\lab2.X\TP2_V1.asm
                  LOOP_CW   0x00006e    program     static C:\Users\Lucas\Desktop\TPSEDII\lab2.X\TP2_V1.asm
              FORWARD_LED   0x000079    program     static C:\Users\Lucas\Desktop\TPSEDII\lab2.X\TP2_V1.asm
                  FW_LOOP   0x00007a    program     static C:\Users\Lucas\Desktop\TPSEDII\lab2.X\TP2_V1.asm
             BACKWARD_LED   0x000084    program     static C:\Users\Lucas\Desktop\TPSEDII\lab2.X\TP2_V1.asm
                  BW_LOOP   0x000085    program     static C:\Users\Lucas\Desktop\TPSEDII\lab2.X\TP2_V1.asm
       PROGRESSIVE_LED_ON   0x00008c    program     static C:\Users\Lucas\Desktop\TPSEDII\lab2.X\TP2_V1.asm
                  PROG_LN   0x00008d    program     static C:\Users\Lucas\Desktop\TPSEDII\lab2.X\TP2_V1.asm
      PROGRESSIVE_LED_OFF   0x000095    program     static C:\Users\Lucas\Desktop\TPSEDII\lab2.X\TP2_V1.asm
                  PROG_LO   0x000095    program     static C:\Users\Lucas\Desktop\TPSEDII\lab2.X\TP2_V1.asm
              DELAY_3LOOP   0x00009d    program     static C:\Users\Lucas\Desktop\TPSEDII\lab2.X\TP2_V1.asm
                    LOOP1   0x00009f    program     static C:\Users\Lucas\Desktop\TPSEDII\lab2.X\TP2_V1.asm
                    LOOP2   0x0000a1    program     static C:\Users\Lucas\Desktop\TPSEDII\lab2.X\TP2_V1.asm
                    LOOP3   0x0000a3    program     static C:\Users\Lucas\Desktop\TPSEDII\lab2.X\TP2_V1.asm


